[     344ms] [INFO] %cDownload the React DevTools for a better development experience: https://react.dev/link/react-devtools font-weight:bold @ http://localhost:3005/_next/static/chunks/node_modules_next_dist_1ybzpk2._.js:2477
[     448ms] [LOG] [HMR] connected @ http://localhost:3005/_next/static/chunks/node_modules_next_dist_1ybzpk2._.js:2477
[  243089ms] [LOG] [Fast Refresh] rebuilding @ http://localhost:3005/_next/static/chunks/node_modules_next_dist_1ybzpk2._.js:2477
[  243235ms] ReferenceError: primaryEmail is not defined
    at Hero (http://localhost:3005/_next/static/chunks/_0phqubw._.js?id=%255Bproject%255D%252Fcomponents%252Fsections%252FHero.tsx+%255Bapp-client%255D+%2528ecmascript%2529:243:47)
    at Object.react_stack_bottom_frame (http://localhost:3005/_next/static/chunks/node_modules_next_dist_compiled_react-dom_096_9a-._.js:15037:24)
    at renderWithHooks (http://localhost:3005/_next/static/chunks/node_modules_next_dist_compiled_react-dom_096_9a-._.js:4620:24)
    at updateFunctionComponent (http://localhost:3005/_next/static/chunks/node_modules_next_dist_compiled_react-dom_096_9a-._.js:6081:21)
    at beginWork (http://localhost:3005/_next/static/chunks/node_modules_next_dist_compiled_react-dom_096_9a-._.js:6691:24)
    at runWithFiberInDEV (http://localhost:3005/_next/static/chunks/node_modules_next_dist_compiled_react-dom_096_9a-._.js:965:74)
    at performUnitOfWork (http://localhost:3005/_next/static/chunks/node_modules_next_dist_compiled_react-dom_096_9a-._.js:9555:97)
    at workLoopSync (http://localhost:3005/_next/static/chunks/node_modules_next_dist_compiled_react-dom_096_9a-._.js:9449:40)
    at renderRootSync (http://localhost:3005/_next/static/chunks/node_modules_next_dist_compiled_react-dom_096_9a-._.js:9433:13)
    at performWorkOnRoot (http://localhost:3005/_next/static/chunks/node_modules_next_dist_compiled_react-dom_096_9a-._.js:9098:47)
    at performSyncWorkOnRoot (http://localhost:3005/_next/static/chunks/node_modules_next_dist_compiled_react-dom_096_9a-._.js:10263:9)
    at flushSyncWorkAcrossRoots_impl (http://localhost:3005/_next/static/chunks/node_modules_next_dist_compiled_react-dom_096_9a-._.js:10179:316)
    at flushSyncWork$1 (http://localhost:3005/_next/static/chunks/node_modules_next_dist_compiled_react-dom_096_9a-._.js:9230:86)
    at Object.scheduleRefresh (http://localhost:3005/_next/static/chunks/node_modules_next_dist_compiled_react-dom_096_9a-._.js:299:13)
    at http://localhost:3005/_next/static/chunks/node_modules_next_dist_compiled_1amofcm._.js:391:33
    at Set.forEach (<anonymous>)
    at Object.performReactRefresh (http://localhost:3005/_next/static/chunks/node_modules_next_dist_compiled_1amofcm._.js:384:38)
    at applyUpdate (http://localhost:3005/_next/static/chunks/node_modules_next_dist_compiled_1amofcm._.js:878:31)
    at http://localhost:3005/_next/static/chunks/node_modules_next_dist_compiled_1amofcm._.js:886:13
[  243257ms] [LOG] [Fast Refresh] done in 194ms @ http://localhost:3005/_next/static/chunks/node_modules_next_dist_1ybzpk2._.js:2477
[  257322ms] [LOG] [Fast Refresh] rebuilding @ http://localhost:3005/_next/static/chunks/node_modules_next_dist_1ybzpk2._.js:2477
[  257375ms] [WARNING] [Fast Refresh] performing full reload because your application had an unrecoverable error @ http://localhost:3005/_next/static/chunks/node_modules_next_dist_1ybzpk2._.js:2477
[  257384ms] [ERROR] Encountered a script tag while rendering React component. Scripts inside React components are never executed when rendering on the client. Consider using template tag instead (https://developer.mozilla.org/en-US/docs/Web/HTML/Element/template). @ http://localhost:3005/_next/static/chunks/node_modules_next_dist_1ybzpk2._.js:3318
[  257537ms] [LOG] [Fast Refresh] done in 152ms @ http://localhost:3005/_next/static/chunks/node_modules_next_dist_1ybzpk2._.js:2477
[  257708ms] [LOG] [Fast Refresh] rebuilding @ http://localhost:3005/_next/static/chunks/node_modules_next_dist_1ybzpk2._.js:2477
[  257719ms] [LOG] [Fast Refresh] done in 111ms @ http://localhost:3005/_next/static/chunks/node_modules_next_dist_1ybzpk2._.js:2477
[  258008ms] [INFO] %cDownload the React DevTools for a better development experience: https://react.dev/link/react-devtools font-weight:bold @ http://localhost:3005/_next/static/chunks/node_modules_next_dist_1ybzpk2._.js:2477
[  258064ms] [LOG] [HMR] connected @ http://localhost:3005/_next/static/chunks/node_modules_next_dist_1ybzpk2._.js:2477
[  274810ms] [LOG] [Fast Refresh] rebuilding @ http://localhost:3005/_next/static/chunks/node_modules_next_dist_1ybzpk2._.js:2477
[  275107ms] [LOG] [Fast Refresh] done in 315ms @ http://localhost:3005/_next/static/chunks/node_modules_next_dist_1ybzpk2._.js:2477
