[     367ms] [INFO] %cDownload the React DevTools for a better development experience: https://react.dev/link/react-devtools font-weight:bold @ http://localhost:3000/_next/static/chunks/node_modules_next_dist_7a8122d0._.js:2287
[     492ms] [LOG] [HMR] connected @ http://localhost:3000/_next/static/chunks/node_modules_next_dist_7a8122d0._.js:2287
[     563ms] [WARNING] You have Reduced Motion enabled on your device. Animations may not appear as expected.. For more information and steps for solving, visit https://motion.dev/troubleshooting/reduced-motion-disabled @ http://localhost:3000/_next/static/chunks/node_modules_next_dist_7a8122d0._.js:2287
[     633ms] [WARNING] Image with src "/work/leggings-hummingbird.webp" is using quality "88" which is not configured in images.qualities [75]. Please update your config to [75, 88].
Read more: https://nextjs.org/docs/messages/next-image-unconfigured-qualities @ http://localhost:3000/_next/static/chunks/node_modules_next_dist_7a8122d0._.js:2287
[     638ms] [WARNING] Image with src "/work/srr-health-mix.webp" is using quality "88" which is not configured in images.qualities [75]. Please update your config to [75, 88].
Read more: https://nextjs.org/docs/messages/next-image-unconfigured-qualities @ http://localhost:3000/_next/static/chunks/node_modules_next_dist_7a8122d0._.js:2287
[     643ms] [WARNING] Image with src "/work/sri-vengateswara-card.webp" is using quality "88" which is not configured in images.qualities [75]. Please update your config to [75, 88].
Read more: https://nextjs.org/docs/messages/next-image-unconfigured-qualities @ http://localhost:3000/_next/static/chunks/node_modules_next_dist_7a8122d0._.js:2287
[     647ms] [WARNING] Image with src "/work/humming-bird-card.webp" is using quality "88" which is not configured in images.qualities [75]. Please update your config to [75, 88].
Read more: https://nextjs.org/docs/messages/next-image-unconfigured-qualities @ http://localhost:3000/_next/static/chunks/node_modules_next_dist_7a8122d0._.js:2287
[     654ms] [WARNING] Image with src "/work/majestic-admissions-flyer.webp" is using quality "88" which is not configured in images.qualities [75]. Please update your config to [75, 88].
Read more: https://nextjs.org/docs/messages/next-image-unconfigured-qualities @ http://localhost:3000/_next/static/chunks/node_modules_next_dist_7a8122d0._.js:2287
[     658ms] [WARNING] Image with src "/work/loan-nanban-no-to-yes.webp" is using quality "88" which is not configured in images.qualities [75]. Please update your config to [75, 88].
Read more: https://nextjs.org/docs/messages/next-image-unconfigured-qualities @ http://localhost:3000/_next/static/chunks/node_modules_next_dist_7a8122d0._.js:2287
[     662ms] [WARNING] Image with src "/work/property-nanban-invest.webp" is using quality "88" which is not configured in images.qualities [75]. Please update your config to [75, 88].
Read more: https://nextjs.org/docs/messages/next-image-unconfigured-qualities @ http://localhost:3000/_next/static/chunks/node_modules_next_dist_7a8122d0._.js:2287
[     668ms] [WARNING] Image with src "/work/sparkwee-social.webp" is using quality "88" which is not configured in images.qualities [75]. Please update your config to [75, 88].
Read more: https://nextjs.org/docs/messages/next-image-unconfigured-qualities @ http://localhost:3000/_next/static/chunks/node_modules_next_dist_7a8122d0._.js:2287
[     707ms] [ERROR] A tree hydrated but some attributes of the server rendered HTML didn't match the client properties. This won't be patched up. This can happen if a SSR-ed Client Component used:

- A server/client branch `if (typeof window !== 'undefined')`.
- Variable input such as `Date.now()` or `Math.random()` which changes each time it's called.
- Date formatting in a user's locale which doesn't match the server.
- External changing data without sending a snapshot of it along with the HTML.
- Invalid HTML tag nesting.

It can also happen if the client has a browser extension installed which messes with the HTML before React loaded.

%s%s https://react.dev/link/hydration-mismatch 

  ...
    <LoadingBoundary name="/" loading={null}>
      <HTTPAccessFallbackBoundary notFound={<SegmentViewNode>} forbidden={undefined} unauthorized={undefined}>
        <HTTPAccessFallbackErrorBoundary pathname="/" notFound={<SegmentViewNode>} forbidden={undefined} ...>
          <RedirectBoundary>
            <RedirectErrorBoundary router={{...}}>
              <InnerLayoutRouter url="/" tree={[...]} params={{}} cacheNode={{lazyData:null, ...}} segmentPath={[...]} ...>
                <SegmentViewNode type="page" pagePath="page.tsx">
                  <SegmentTrieNode>
                  <Home>
                    <Header>
                    <Home>
                      <main id="main">
                        <Hero>
                        <Work>
                          <section id="work" className="shell scro...">
                            <SectionHeader index="01" title="Selected Work" standfirst="Packaging,...">
                              <Reveal className="mb-12 md:m...">
                                <motion.div className="mb-12 md:m..." initial="hidden" whileInView="visible" ...>
                                  <div
                                    className="mb-12 md:mb-20"
                                    style={{
+                                     opacity: 1
-                                     opacity: "0"
+                                     transform: "none"
-                                     transform: "translateY(16px)"
                                    }}
                                    ref={function useMotionRef.useCallback}
                                  >
                            <motion.div className="mb-5" initial={false} whileInView={{opacity:1,y:0}} ...>
                              <div
                                className="mb-5"
                                style={{
-                                 opacity: "0"
-                                 transform: "translateY(20px)"
                                }}
                                ref={function useMotionRef.useCallback}
                              >
                            <div className="columns-1 ...">
                              <motion.div className="mb-5 break..." initial={false} whileInView={{opacity:1,y:0}} ...>
                                <div
                                  className="mb-5 break-inside-avoid"
                                  style={{
-                                   opacity: "0"
-                                   transform: "translateY(20px)"
                                  }}
                                  ref={function useMotionRef.useCallback}
                                >
                              <motion.div className="mb-5 break..." initial={false} whileInView={{opacity:1,y:0}} ...>
                                <div
                                  className="mb-5 break-inside-avoid"
                                  style={{
-                                   opacity: "0"
-                                   transform: "translateY(20px)"
                                  }}
                                  ref={function useMotionRef.useCallback}
                                >
                              <motion.div className="mb-5 break..." initial={false} whileInView={{opacity:1,y:0}} ...>
                                <div
                                  className="mb-5 break-inside-avoid"
                                  style={{
-                                   opacity: "0"
-                                   transform: "translateY(20px)"
                                  }}
                                  ref={function useMotionRef.useCallback}
                                >
                              <motion.div className="mb-5 break..." initial={false} whileInView={{opacity:1,y:0}} ...>
                                <div
                                  className="mb-5 break-inside-avoid"
                                  style={{
-                                   opacity: "0"
-                                   transform: "translateY(20px)"
                                  }}
                                  ref={function useMotionRef.useCallback}
                                >
                              <motion.div className="mb-5 break..." initial={false} whileInView={{opacity:1,y:0}} ...>
                                <div
                                  className="mb-5 break-inside-avoid"
                                  style={{
-                                   opacity: "0"
-                                   transform: "translateY(20px)"
                                  }}
                                  ref={function useMotionRef.useCallback}
                                >
                              <motion.div className="mb-5 break..." initial={false} whileInView={{opacity:1,y:0}} ...>
                                <div
                                  className="mb-5 break-inside-avoid"
                                  style={{
-                                   opacity: "0"
-                                   transform: "translateY(20px)"
                                  }}
                                  ref={function useMotionRef.useCallback}
                                >
                              <motion.div className="mb-5 break..." initial={false} whileInView={{opacity:1,y:0}} ...>
                                <div
                                  className="mb-5 break-inside-avoid"
                                  style={{
-                                   opacity: "0"
-                                   transform: "translateY(20px)"
                                  }}
                                  ref={function useMotionRef.useCallback}
                                >
                            ...
                        <About>
                          <section id="about" className="rule-t scr...">
                            <div className="shell">
                              <SectionHeader>
                                <Reveal className="mb-12 md:m...">
                                  <motion.div className="mb-12 md:m..." initial="hidden" whileInView="visible" ...>
                                    <div
                                      className="mb-12 md:mb-20"
                                      style={{
+                                       opacity: 1
-                                       opacity: "0"
+                                       transform: "none"
-                                       transform: "translateY(16px)"
                                      }}
                                      ref={function useMotionRef.useCallback}
                                    >
                              <Reveal>
                                <motion.div className={undefined} initial="hidden" whileInView="visible" ...>
                                  <div
                                    className={undefined}
                                    style={{
+                                     opacity: 1
-                                     opacity: "0"
+                                     transform: "none"
-                                     transform: "translateY(16px)"
                                    }}
                                    ref={function useMotionRef.useCallback}
                                  >
                              <Reveal className="mt-16 bord...">
                                <motion.div className="mt-16 bord..." initial="hidden" whileInView="visible" ...>
                                  <div
                                    className="mt-16 border-t border-rule pt-12 md:mt-24"
                                    style={{
+                                     opacity: 1
-                                     opacity: "0"
+                                     transform: "none"
-                                     transform: "translateY(16px)"
                                    }}
                                    ref={function useMotionRef.useCallback}
                                  >
                              <RevealList as="dl" className="mt-20 md:m...">
                                <motion.dl className="mt-20 md:m..." initial="hidden" whileInView="visible" ...>
                                  <dl
                                    className="mt-20 md:mt-28"
+                                   style={{opacity:1,transform:"none"}}
-                                   style={{}}
                                    ref={function useMotionRef.useCallback}
                                  >
                                    <RevealItem className="group grid...">
                                      <motion.div className="group grid..." variants={{hidden:{...}, ...}}>
                                        <div
                                          className="group grid items-baseline gap-x-8 gap-y-2 border-t border-rule py..."
                                          style={{
+                                           opacity: 1
-                                           opacity: "0"
+                                           transform: "none"
-                                           transform: "translateY(16px)"
                                          }}
                                          ref={function useMotionRef.useCallback}
                                        >
                                    <RevealItem className="group grid...">
                                      <motion.div className="group grid..." variants={{hidden:{...}, ...}}>
                                        <div
                                          className="group grid items-baseline gap-x-8 gap-y-2 border-t border-rule py..."
                                          style={{
+                                           opacity: 1
-                                           opacity: "0"
+                                           transform: "none"
-                                           transform: "translateY(16px)"
                                          }}
                                          ref={function useMotionRef.useCallback}
                                        >
                                    <RevealItem className="group grid...">
                                      <motion.div className="group grid..." variants={{hidden:{...}, ...}}>
                                        <div
                                          className="group grid items-baseline gap-x-8 gap-y-2 border-t border-rule py..."
                                          style={{
+                                           opacity: 1
-                                           opacity: "0"
+                                           transform: "none"
-                                           transform: "translateY(16px)"
                                          }}
                                          ref={function useMotionRef.useCallback}
                                        >
                                    <RevealItem className="group grid...">
                                      <motion.div className="group grid..." variants={{hidden:{...}, ...}}>
                                        <div
                                          className="group grid items-baseline gap-x-8 gap-y-2 border-t border-rule py..."
                                          style={{
+                                           opacity: 1
-                                           opacity: "0"
+                                           transform: "none"
-                                           transform: "translateY(16px)"
                                          }}
                                          ref={function useMotionRef.useCallback}
                                        >
                              <Reveal>
                                <motion.div className={undefined} initial="hidden" whileInView="visible" ...>
                                  <div
                                    className={undefined}
                                    style={{
+                                     opacity: 1
-                                     opacity: "0"
+                                     transform: "none"
-                                     transform: "translateY(16px)"
                                    }}
                                    ref={function useMotionRef.useCallback}
                                  >
                              <RevealList as="ul" className="mt-20 grid...">
                                <motion.ul className="mt-20 grid..." initial="hidden" whileInView="visible" ...>
                                  <ul
                                    className="mt-20 grid gap-x-8 gap-y-10 sm:grid-cols-2 lg:grid-cols-4"
+                                   style={{opacity:1,transform:"none"}}
-                                   style={{}}
                                    ref={function useMotionRef.useCallback}
                                  >
                                    <RevealItem as="li" className="border-t b...">
                                      <motion.li className="border-t b..." variants={{hidden:{...}, ...}}>
                                        <li
                                          className="border-t border-rule pt-5"
                                          style={{
+                                           opacity: 1
-                                           opacity: "0"
+                                           transform: "none"
-                                           transform: "translateY(16px)"
                                          }}
                                          ref={function useMotionRef.useCallback}
                                        >
                                    <RevealItem as="li" className="border-t b...">
                                      <motion.li className="border-t b..." variants={{hidden:{...}, ...}}>
                                        <li
                                          className="border-t border-rule pt-5"
                                          style={{
+                                           opacity: 1
-                                           opacity: "0"
+                                           transform: "none"
-                                           transform: "translateY(16px)"
                                          }}
                                          ref={function useMotionRef.useCallback}
                                        >
                                    <RevealItem as="li" className="border-t b...">
                                      <motion.li className="border-t b..." variants={{hidden:{...}, ...}}>
                                        <li
                                          className="border-t border-rule pt-5"
                                          style={{
+                                           opacity: 1
-                                           opacity: "0"
+                                           transform: "none"
-                                           transform: "translateY(16px)"
                                          }}
                                          ref={function useMotionRef.useCallback}
                                        >
                                    <RevealItem as="li" className="border-t b...">
                                      <motion.li className="border-t b..." variants={{hidden:{...}, ...}}>
                                        <li
                                          className="border-t border-rule pt-5"
                                          style={{
+                                           opacity: 1
-                                           opacity: "0"
+                                           transform: "none"
-                                           transform: "translateY(16px)"
                                          }}
                                          ref={function useMotionRef.useCallback}
                                        >
                        <Experience>
                          <section id="experience" className="rule-t scr...">
                            <div className="shell">
                              <SectionHeader>
                                <Reveal className="mb-12 md:m...">
                                  <motion.div className="mb-12 md:m..." initial="hidden" whileInView="visible" ...>
                                    <div
                                      className="mb-12 md:mb-20"
                                      style={{
+                                       opacity: 1
-                                       opacity: "0"
+                                       transform: "none"
-                                       transform: "translateY(16px)"
                                      }}
                                      ref={function useMotionRef.useCallback}
                                    >
                              <RevealList as="ul" className="mb-20">
                                <motion.ul className="mb-20" initial="hidden" whileInView="visible" ...>
                                  <ul
                                    className="mb-20"
+                                   style={{opacity:1,transform:"none"}}
-                                   style={{}}
                                    ref={function useMotionRef.useCallback}
                                  >
                                    <RevealItem as="li" className="grid gap-4...">
                                      <motion.li className="grid gap-4..." variants={{hidden:{...}, ...}}>
                                        <li
                                          className="grid gap-4 border-b border-rule py-8 md:grid-cols-[10rem_1fr] md:..."
                                          style={{
+                                           opacity: 1
-                                           opacity: "0"
+                                           transform: "none"
-                                           transform: "translateY(16px)"
                                          }}
                                          ref={function useMotionRef.useCallback}
                                        >
                                    <RevealItem as="li" className="grid gap-4...">
                                      <motion.li className="grid gap-4..." variants={{hidden:{...}, ...}}>
                                        <li
                                          className="grid gap-4 border-b border-rule py-8 md:grid-cols-[10rem_1fr] md:..."
                                          style={{
+                                           opacity: 1
-                                           opacity: "0"
+                                           transform: "none"
-                                           transform: "translateY(16px)"
                                          }}
                                          ref={function useMotionRef.useCallback}
                                        >
                              <Reveal className="mb-8">
                                <motion.div className="mb-8" initial="hidden" whileInView="visible" ...>
                                  <div
                                    className="mb-8"
                                    style={{
+                                     opacity: 1
-                                     opacity: "0"
+                                     transform: "none"
-                                     transform: "translateY(16px)"
                                    }}
                                    ref={function useMotionRef.useCallback}
                                  >
                              <RevealList as="ul">
                                <motion.ul className={undefined} initial="hidden" whileInView="visible" ...>
                                  <ul
                                    className={undefined}
+                                   style={{opacity:1,transform:"none"}}
-                                   style={{}}
                                    ref={function useMotionRef.useCallback}
                                  >
                                    <RevealItem as="li" className="grid gap-2...">
                                      <motion.li className="grid gap-2..." variants={{hidden:{...}, ...}}>
                                        <li
                                          className="grid gap-2 border-b border-rule py-6 md:grid-cols-[10rem_1fr_auto..."
                                          style={{
+                                           opacity: 1
-                                           opacity: "0"
+                                           transform: "none"
-                                           transform: "translateY(16px)"
                                          }}
                                          ref={function useMotionRef.useCallback}
                                        >
                                    <RevealItem as="li" className="grid gap-2...">
                                      <motion.li className="grid gap-2..." variants={{hidden:{...}, ...}}>
                                        <li
                                          className="grid gap-2 border-b border-rule py-6 md:grid-cols-[10rem_1fr_auto..."
                                          style={{
+                                           opacity: 1
-                                           opacity: "0"
+                                           transform: "none"
-                                           transform: "translateY(16px)"
                                          }}
                                          ref={function useMotionRef.useCallback}
                                        >
                              <Reveal className="mt-12">
                                <motion.div className="mt-12" initial="hidden" whileInView="visible" ...>
                                  <div
                                    className="mt-12"
                                    style={{
+                                     opacity: 1
-                                     opacity: "0"
+                                     transform: "none"
-                                     transform: "translateY(16px)"
                                    }}
                                    ref={function useMotionRef.useCallback}
                                  >
                        <Contact>
                          <section id="contact" className="rule-t scr...">
                            <div className="shell">
                              <SectionHeader>
                                <Reveal className="mb-12 md:m...">
                                  <motion.div className="mb-12 md:m..." initial="hidden" whileInView="visible" ...>
                                    <div
                                      className="mb-12 md:mb-20"
                                      style={{
+                                       opacity: 1
-                                       opacity: "0"
+                                       transform: "none"
-                                       transform: "translateY(16px)"
                                      }}
                                      ref={function useMotionRef.useCallback}
                                    >
                              <Reveal>
                                <motion.div className={undefined} initial="hidden" whileInView="visible" ...>
                                  <div
                                    className={undefined}
                                    style={{
+                                     opacity: 1
-                                     opacity: "0"
+                                     transform: "none"
-                                     transform: "translateY(16px)"
                                    }}
                                    ref={function useMotionRef.useCallback}
                                  >
                              <RevealList as="ul" className="mt-12 grid...">
                                <motion.ul className="mt-12 grid..." initial="hidden" whileInView="visible" ...>
                                  <ul
                                    className="mt-12 grid gap-8 sm:grid-cols-3"
+                                   style={{opacity:1,transform:"none"}}
-                                   style={{}}
                                    ref={function useMotionRef.useCallback}
                                  >
                                    <RevealItem as="li">
                                      <motion.li className={undefined} variants={{hidden:{...}, ...}}>
                                        <li
                                          className={undefined}
                                          style={{
+                                           opacity: 1
-                                           opacity: "0"
+                                           transform: "none"
-                                           transform: "translateY(16px)"
                                          }}
                                          ref={function useMotionRef.useCallback}
                                        >
                                    <RevealItem as="li">
                                      <motion.li className={undefined} variants={{hidden:{...}, ...}}>
                                        <li
                                          className={undefined}
                                          style={{
+                                           opacity: 1
-                                           opacity: "0"
+                                           transform: "none"
-                                           transform: "translateY(16px)"
                                          }}
                                          ref={function useMotionRef.useCallback}
                                        >
                                    <RevealItem as="li">
                                      <motion.li className={undefined} variants={{hidden:{...}, ...}}>
                                        <li
                                          className={undefined}
                                          style={{
+                                           opacity: 1
-                                           opacity: "0"
+                                           transform: "none"
-                                           transform: "translateY(16px)"
                                          }}
                                          ref={function useMotionRef.useCallback}
                                        >
                              <Reveal className="mt-16">
                                <motion.div className="mt-16" initial="hidden" whileInView="visible" ...>
                                  <div
                                    className="mt-16"
                                    style={{
+                                     opacity: 1
-                                     opacity: "0"
+                                     transform: "none"
-                                     transform: "translateY(16px)"
                                    }}
                                    ref={function useMotionRef.useCallback}
                                  >
                    ...
                ...
              ...
 @ http://localhost:3000/_next/static/chunks/node_modules_next_dist_7a8122d0._.js:3117
[  115025ms] [LOG] [Fast Refresh] rebuilding @ http://localhost:3000/_next/static/chunks/node_modules_next_dist_7a8122d0._.js:2287
[  115127ms] [LOG] [Fast Refresh] done in 201ms @ http://localhost:3000/_next/static/chunks/node_modules_next_dist_7a8122d0._.js:2287
[  143966ms] [LOG] [Fast Refresh] rebuilding @ http://localhost:3000/_next/static/chunks/node_modules_next_dist_7a8122d0._.js:2287
[  144053ms] [LOG] [Fast Refresh] done in 153ms @ http://localhost:3000/_next/static/chunks/node_modules_next_dist_7a8122d0._.js:2287
[  186284ms] [LOG] [Fast Refresh] rebuilding @ http://localhost:3000/_next/static/chunks/node_modules_next_dist_7a8122d0._.js:2287
[  186431ms] [LOG] [Fast Refresh] done in 179ms @ http://localhost:3000/_next/static/chunks/node_modules_next_dist_7a8122d0._.js:2287
[  217562ms] [LOG] [Fast Refresh] rebuilding @ http://localhost:3000/_next/static/chunks/node_modules_next_dist_7a8122d0._.js:2287
[  217845ms] [LOG] [Fast Refresh] done in 202ms @ http://localhost:3000/_next/static/chunks/node_modules_next_dist_7a8122d0._.js:2287
[  217932ms] ReferenceError: MotionProvider is not defined
    at RootLayout (about://React/Server/file:///home/development1/Desktop/Sowmiya-Portfolio/.next/dev/server/chunks/ssr/%5Broot-of-the-server%5D__de6122be._.js?117:393:273)
    at resolveErrorDev (http://localhost:3000/_next/static/chunks/node_modules_next_dist_compiled_react-server-dom-turbopack_9212ccad._.js:1862:106)
    at processFullStringRow (http://localhost:3000/_next/static/chunks/node_modules_next_dist_compiled_react-server-dom-turbopack_9212ccad._.js:2370:29)
    at processFullBinaryRow (http://localhost:3000/_next/static/chunks/node_modules_next_dist_compiled_react-server-dom-turbopack_9212ccad._.js:2329:9)
    at processBinaryChunk (http://localhost:3000/_next/static/chunks/node_modules_next_dist_compiled_react-server-dom-turbopack_9212ccad._.js:2439:98)
    at progress (http://localhost:3000/_next/static/chunks/node_modules_next_dist_compiled_react-server-dom-turbopack_9212ccad._.js:2608:13)
[  218039ms] TypeError: Failed to execute 'measure' on 'Performance': '​RootLayout' cannot have a negative time stamp.
    at flushComponentPerformance (http://localhost:3000/_next/static/chunks/node_modules_next_dist_compiled_react-server-dom-turbopack_9212ccad._.js:2120:45)
    at flushComponentPerformance (http://localhost:3000/_next/static/chunks/node_modules_next_dist_compiled_react-server-dom-turbopack_9212ccad._.js:2092:31)
    at flushInitialRenderPerformance (http://localhost:3000/_next/static/chunks/node_modules_next_dist_compiled_react-server-dom-turbopack_9212ccad._.js:2282:74)
[  246350ms] [LOG] [Fast Refresh] rebuilding @ http://localhost:3000/_next/static/chunks/node_modules_next_dist_7a8122d0._.js:2287
[  246524ms] [WARNING] [Fast Refresh] performing full reload because your application had an unrecoverable error @ http://localhost:3000/_next/static/chunks/node_modules_next_dist_7a8122d0._.js:2287
[  246848ms] [LOG] [Fast Refresh] done in 273ms @ http://localhost:3000/_next/static/chunks/node_modules_next_dist_7a8122d0._.js:2287
[  247299ms] [INFO] %cDownload the React DevTools for a better development experience: https://react.dev/link/react-devtools font-weight:bold @ http://localhost:3000/_next/static/chunks/node_modules_next_dist_7a8122d0._.js:2287
[  247357ms] [LOG] [HMR] connected @ http://localhost:3000/_next/static/chunks/node_modules_next_dist_7a8122d0._.js:2287
[  247399ms] [WARNING] You have Reduced Motion enabled on your device. Animations may not appear as expected.. For more information and steps for solving, visit https://motion.dev/troubleshooting/reduced-motion-disabled @ http://localhost:3000/_next/static/chunks/node_modules_next_dist_7a8122d0._.js:2287
[  247451ms] [WARNING] Image with src "/work/leggings-hummingbird.webp" is using quality "88" which is not configured in images.qualities [75]. Please update your config to [75, 88].
Read more: https://nextjs.org/docs/messages/next-image-unconfigured-qualities @ http://localhost:3000/_next/static/chunks/node_modules_next_dist_7a8122d0._.js:2287
[  247459ms] [WARNING] Image with src "/work/srr-health-mix.webp" is using quality "88" which is not configured in images.qualities [75]. Please update your config to [75, 88].
Read more: https://nextjs.org/docs/messages/next-image-unconfigured-qualities @ http://localhost:3000/_next/static/chunks/node_modules_next_dist_7a8122d0._.js:2287
[  247464ms] [WARNING] Image with src "/work/sri-vengateswara-card.webp" is using quality "88" which is not configured in images.qualities [75]. Please update your config to [75, 88].
Read more: https://nextjs.org/docs/messages/next-image-unconfigured-qualities @ http://localhost:3000/_next/static/chunks/node_modules_next_dist_7a8122d0._.js:2287
[  247469ms] [WARNING] Image with src "/work/humming-bird-card.webp" is using quality "88" which is not configured in images.qualities [75]. Please update your config to [75, 88].
Read more: https://nextjs.org/docs/messages/next-image-unconfigured-qualities @ http://localhost:3000/_next/static/chunks/node_modules_next_dist_7a8122d0._.js:2287
[  247474ms] [WARNING] Image with src "/work/majestic-admissions-flyer.webp" is using quality "88" which is not configured in images.qualities [75]. Please update your config to [75, 88].
Read more: https://nextjs.org/docs/messages/next-image-unconfigured-qualities @ http://localhost:3000/_next/static/chunks/node_modules_next_dist_7a8122d0._.js:2287
[  247478ms] [WARNING] Image with src "/work/loan-nanban-no-to-yes.webp" is using quality "88" which is not configured in images.qualities [75]. Please update your config to [75, 88].
Read more: https://nextjs.org/docs/messages/next-image-unconfigured-qualities @ http://localhost:3000/_next/static/chunks/node_modules_next_dist_7a8122d0._.js:2287
[  247482ms] [WARNING] Image with src "/work/property-nanban-invest.webp" is using quality "88" which is not configured in images.qualities [75]. Please update your config to [75, 88].
Read more: https://nextjs.org/docs/messages/next-image-unconfigured-qualities @ http://localhost:3000/_next/static/chunks/node_modules_next_dist_7a8122d0._.js:2287
[  247487ms] [WARNING] Image with src "/work/sparkwee-social.webp" is using quality "88" which is not configured in images.qualities [75]. Please update your config to [75, 88].
Read more: https://nextjs.org/docs/messages/next-image-unconfigured-qualities @ http://localhost:3000/_next/static/chunks/node_modules_next_dist_7a8122d0._.js:2287
[  247514ms] [LOG] [Fast Refresh] rebuilding @ http://localhost:3000/_next/static/chunks/node_modules_next_dist_7a8122d0._.js:2287
[  247519ms] [LOG] [Fast Refresh] done in 115ms @ http://localhost:3000/_next/static/chunks/node_modules_next_dist_7a8122d0._.js:2287
